Archive member included to satisfy reference by file (symbol)

c:/program files (x86)/arm gnu toolchain arm-none-eabi/12.2 mpacbti-bet1/bin/../lib/gcc/arm-none-eabi/12.2.0/thumb/v6-m/nofp\libc_nano.a(libc_a-exit.o)
                              c:/program files (x86)/arm gnu toolchain arm-none-eabi/12.2 mpacbti-bet1/bin/../lib/gcc/arm-none-eabi/12.2.0/thumb/v6-m/nofp/crt0.o (exit)
c:/program files (x86)/arm gnu toolchain arm-none-eabi/12.2 mpacbti-bet1/bin/../lib/gcc/arm-none-eabi/12.2.0/thumb/v6-m/nofp\libc_nano.a(libc_a-findfp.o)
                              c:/program files (x86)/arm gnu toolchain arm-none-eabi/12.2 mpacbti-bet1/bin/../lib/gcc/arm-none-eabi/12.2.0/thumb/v6-m/nofp\libc_nano.a(libc_a-exit.o) (__stdio_exit_handler)
c:/program files (x86)/arm gnu toolchain arm-none-eabi/12.2 mpacbti-bet1/bin/../lib/gcc/arm-none-eabi/12.2.0/thumb/v6-m/nofp\libc_nano.a(libc_a-fwalk.o)
                              c:/program files (x86)/arm gnu toolchain arm-none-eabi/12.2 mpacbti-bet1/bin/../lib/gcc/arm-none-eabi/12.2.0/thumb/v6-m/nofp\libc_nano.a(libc_a-findfp.o) (_fwalk_sglue)
c:/program files (x86)/arm gnu toolchain arm-none-eabi/12.2 mpacbti-bet1/bin/../lib/gcc/arm-none-eabi/12.2.0/thumb/v6-m/nofp\libc_nano.a(libc_a-stdio.o)
                              c:/program files (x86)/arm gnu toolchain arm-none-eabi/12.2 mpacbti-bet1/bin/../lib/gcc/arm-none-eabi/12.2.0/thumb/v6-m/nofp\libc_nano.a(libc_a-findfp.o) (__sread)
c:/program files (x86)/arm gnu toolchain arm-none-eabi/12.2 mpacbti-bet1/bin/../lib/gcc/arm-none-eabi/12.2.0/thumb/v6-m/nofp\libc_nano.a(libc_a-memset.o)
                              c:/program files (x86)/arm gnu toolchain arm-none-eabi/12.2 mpacbti-bet1/bin/../lib/gcc/arm-none-eabi/12.2.0/thumb/v6-m/nofp/crt0.o (memset)
c:/program files (x86)/arm gnu toolchain arm-none-eabi/12.2 mpacbti-bet1/bin/../lib/gcc/arm-none-eabi/12.2.0/thumb/v6-m/nofp\libc_nano.a(libc_a-closer.o)
                              c:/program files (x86)/arm gnu toolchain arm-none-eabi/12.2 mpacbti-bet1/bin/../lib/gcc/arm-none-eabi/12.2.0/thumb/v6-m/nofp\libc_nano.a(libc_a-stdio.o) (_close_r)
c:/program files (x86)/arm gnu toolchain arm-none-eabi/12.2 mpacbti-bet1/bin/../lib/gcc/arm-none-eabi/12.2.0/thumb/v6-m/nofp\libc_nano.a(libc_a-reent.o)
                              c:/program files (x86)/arm gnu toolchain arm-none-eabi/12.2 mpacbti-bet1/bin/../lib/gcc/arm-none-eabi/12.2.0/thumb/v6-m/nofp\libc_nano.a(libc_a-closer.o) (errno)
c:/program files (x86)/arm gnu toolchain arm-none-eabi/12.2 mpacbti-bet1/bin/../lib/gcc/arm-none-eabi/12.2.0/thumb/v6-m/nofp\libc_nano.a(libc_a-impure.o)
                              c:/program files (x86)/arm gnu toolchain arm-none-eabi/12.2 mpacbti-bet1/bin/../lib/gcc/arm-none-eabi/12.2.0/thumb/v6-m/nofp\libc_nano.a(libc_a-reent.o) (_impure_ptr)
c:/program files (x86)/arm gnu toolchain arm-none-eabi/12.2 mpacbti-bet1/bin/../lib/gcc/arm-none-eabi/12.2.0/thumb/v6-m/nofp\libc_nano.a(libc_a-lseekr.o)
                              c:/program files (x86)/arm gnu toolchain arm-none-eabi/12.2 mpacbti-bet1/bin/../lib/gcc/arm-none-eabi/12.2.0/thumb/v6-m/nofp\libc_nano.a(libc_a-stdio.o) (_lseek_r)
c:/program files (x86)/arm gnu toolchain arm-none-eabi/12.2 mpacbti-bet1/bin/../lib/gcc/arm-none-eabi/12.2.0/thumb/v6-m/nofp\libc_nano.a(libc_a-readr.o)
                              c:/program files (x86)/arm gnu toolchain arm-none-eabi/12.2 mpacbti-bet1/bin/../lib/gcc/arm-none-eabi/12.2.0/thumb/v6-m/nofp\libc_nano.a(libc_a-stdio.o) (_read_r)
c:/program files (x86)/arm gnu toolchain arm-none-eabi/12.2 mpacbti-bet1/bin/../lib/gcc/arm-none-eabi/12.2.0/thumb/v6-m/nofp\libc_nano.a(libc_a-writer.o)
                              c:/program files (x86)/arm gnu toolchain arm-none-eabi/12.2 mpacbti-bet1/bin/../lib/gcc/arm-none-eabi/12.2.0/thumb/v6-m/nofp\libc_nano.a(libc_a-stdio.o) (_write_r)
c:/program files (x86)/arm gnu toolchain arm-none-eabi/12.2 mpacbti-bet1/bin/../lib/gcc/arm-none-eabi/12.2.0/thumb/v6-m/nofp\libc_nano.a(libc_a-errno.o)
                              ./Core/Src/syscalls.o (__errno)
c:/program files (x86)/arm gnu toolchain arm-none-eabi/12.2 mpacbti-bet1/bin/../lib/gcc/arm-none-eabi/12.2.0/thumb/v6-m/nofp\libc_nano.a(libc_a-init.o)
                              c:/program files (x86)/arm gnu toolchain arm-none-eabi/12.2 mpacbti-bet1/bin/../lib/gcc/arm-none-eabi/12.2.0/thumb/v6-m/nofp/crt0.o (__libc_init_array)
c:/program files (x86)/arm gnu toolchain arm-none-eabi/12.2 mpacbti-bet1/bin/../lib/gcc/arm-none-eabi/12.2.0/thumb/v6-m/nofp\libc_nano.a(libc_a-lock.o)
                              c:/program files (x86)/arm gnu toolchain arm-none-eabi/12.2 mpacbti-bet1/bin/../lib/gcc/arm-none-eabi/12.2.0/thumb/v6-m/nofp\libc_nano.a(libc_a-findfp.o) (__retarget_lock_init_recursive)
c:/program files (x86)/arm gnu toolchain arm-none-eabi/12.2 mpacbti-bet1/bin/../lib/gcc/arm-none-eabi/12.2.0/thumb/v6-m/nofp\libc_nano.a(libc_a-freer.o)
[...]
Memory Configuration

Name             Origin             Length             Attributes
RAM              0x20000000         0x00002000         xrw
FLASH            0x08000000         0x00010000         xr
*default*        0x00000000         0xffffffff

Linker script and memory map

LOAD c:/program files (x86)/arm gnu toolchain arm-none-eabi/12.2 mpacbti-bet1/bin/../lib/gcc/arm-none-eabi/12.2.0/thumb/v6-m/nofp/crti.o
LOAD c:/program files (x86)/arm gnu toolchain arm-none-eabi/12.2 mpacbti-bet1/bin/../lib/gcc/arm-none-eabi/12.2.0/thumb/v6-m/nofp/crtbegin.o
LOAD c:/program files (x86)/arm gnu toolchain arm-none-eabi/12.2 mpacbti-bet1/bin/../lib/gcc/arm-none-eabi/12.2.0/thumb/v6-m/nofp/crt0.o
LOAD ./Core/Src/lcd_if.o
LOAD ./Core/Src/main.o
LOAD ./Core/Src/stm32g0xx_hal_msp.o
LOAD ./Core/Src/stm32g0xx_it.o
LOAD ./Core/Src/syscalls.o
LOAD ./Core/Src/sysmem.o
LOAD ./Core/Src/system_stm32g0xx.o
LOAD ./Core/Startup/startup_stm32g030c8tx.o
LOAD ./Drivers/STM32G0xx_HAL_Driver/Src/stm32g0xx_hal.o
LOAD ./Drivers/STM32G0xx_HAL_Driver/Src/stm32g0xx_hal_cortex.o
LOAD ./Drivers/STM32G0xx_HAL_Driver/Src/stm32g0xx_hal_dma.o
LOAD ./Drivers/STM32G0xx_HAL_Driver/Src/stm32g0xx_hal_dma_ex.o
LOAD ./Drivers/STM32G0xx_HAL_Driver/Src/stm32g0xx_hal_exti.o
LOAD ./Drivers/STM32G0xx_HAL_Driver/Src/stm32g0xx_hal_flash.o
LOAD ./Drivers/STM32G0xx_HAL_Driver/Src/stm32g0xx_hal_flash_ex.o
LOAD ./Drivers/STM32G0xx_HAL_Driver/Src/stm32g0xx_hal_gpio.o
LOAD ./Drivers/STM32G0xx_HAL_Driver/Src/stm32g0xx_hal_pwr.o
LOAD ./Drivers/STM32G0xx_HAL_Driver/Src/stm32g0xx_hal_pwr_ex.o
LOAD ./Drivers/STM32G0xx_HAL_Driver/Src/stm32g0xx_hal_rcc.o
LOAD ./Drivers/STM32G0xx_HAL_Driver/Src/stm32g0xx_hal_rcc_ex.o
LOAD ./Drivers/STM32G0xx_HAL_Driver/Src/stm32g0xx_hal_tim.o
LOAD ./Drivers/STM32G0xx_HAL_Driver/Src/stm32g0xx_hal_tim_ex.o
LOAD ./Drivers/STM32G0xx_HAL_Driver/Src/stm32g0xx_ll_dma.o
LOAD ./Drivers/STM32G0xx_HAL_Driver/Src/stm32g0xx_ll_rcc.o
START GROUP
LOAD c:/program files (x86)/arm gnu toolchain arm-none-eabi/12.2 mpacbti-bet1/bin/../lib/gcc/arm-none-eabi/12.2.0/thumb/v6-m/nofp\libstdc++_nano.a
LOAD c:/program files (x86)/arm gnu toolchain arm-none-eabi/12.2 mpacbti-bet1/bin/../lib/gcc/arm-none-eabi/12.2.0/thumb/v6-m/nofp\libsupc++_nano.a
END GROUP
LOAD c:/program files (x86)/arm gnu toolchain arm-none-eabi/12.2 mpacbti-bet1/bin/../lib/gcc/arm-none-eabi/12.2.0/thumb/v6-m/nofp\libstdc++_nano.a
LOAD c:/program files (x86)/arm gnu toolchain arm-none-eabi/12.2 mpacbti-bet1/bin/../lib/gcc/arm-none-eabi/12.2.0/thumb/v6-m/nofp\libm.a
LOAD c:/program files (x86)/arm gnu toolchain arm-none-eabi/12.2 mpacbti-bet1/bin/../lib/gcc/arm-none-eabi/12.2.0/thumb/v6-m/nofp\libc_nano.a
START GROUP
LOAD c:/program files (x86)/arm gnu toolchain arm-none-eabi/12.2 mpacbti-bet1/bin/../lib/gcc/arm-none-eabi/12.2.0/thumb/v6-m/nofp\libgcc.a
LOAD c:/program files (x86)/arm gnu toolchain arm-none-eabi/12.2 mpacbti-bet1/bin/../lib/gcc/arm-none-eabi/12.2.0/thumb/v6-m/nofp\libc_nano.a
END GROUP
START GROUP
LOAD c:/program files (x86)/arm gnu toolchain arm-none-eabi/12.2 mpacbti-bet1/bin/../lib/gcc/arm-none-eabi/12.2.0/thumb/v6-m/nofp\libgcc.a
LOAD c:/program files (x86)/arm gnu toolchain arm-none-eabi/12.2 mpacbti-bet1/bin/../lib/gcc/arm-none-eabi/12.2.0/thumb/v6-m/nofp\libc_nano.a
LOAD c:/program files (x86)/arm gnu toolchain arm-none-eabi/12.2 mpacbti-bet1/bin/../lib/gcc/arm-none-eabi/12.2.0/thumb/v6-m/nofp\libnosys.a
END GROUP
START GROUP
LOAD c:/program files (x86)/arm gnu toolchain arm-none-eabi/12.2 mpacbti-bet1/bin/../lib/gcc/arm-none-eabi/12.2.0/thumb/v6-m/nofp\libgcc.a
LOAD c:/program files (x86)/arm gnu toolchain arm-none-eabi/12.2 mpacbti-bet1/bin/../lib/gcc/arm-none-eabi/12.2.0/thumb/v6-m/nofp\libc_nano.a
LOAD c:/program files (x86)/arm gnu toolchain arm-none-eabi/12.2 mpacbti-bet1/bin/../lib/gcc/arm-none-eabi/12.2.0/thumb/v6-m/nofp\libnosys.a
END GROUP
LOAD c:/program files (x86)/arm gnu toolchain arm-none-eabi/12.2 mpacbti-bet1/bin/../lib/gcc/arm-none-eabi/12.2.0/thumb/v6-m/nofp/crtend.o
LOAD c:/program files (x86)/arm gnu toolchain arm-none-eabi/12.2 mpacbti-bet1/bin/../lib/gcc/arm-none-eabi/12.2.0/thumb/v6-m/nofp/crtn.o
                0x20002000                        _estack = (ORIGIN (RAM) + LENGTH (RAM))
                0x00000200                        _Min_Heap_Size = 0x200
                0x00000400                        _Min_Stack_Size = 0x400

.isr_vector     0x08000000       0xb8
                0x08000000                        . = ALIGN (0x4)
 *(.isr_vector)
 .isr_vector    0x08000000       0xb8 ./Core/Startup/startup_stm32g030c8tx.o
                0x08000000                g_pfnVectors
                0x080000b8                        . = ALIGN (0x4)

.text           0x080000b8     0x2e48
                0x080000b8                        . = ALIGN (0x4)
 *(.text)
 .text          0x080000b8      0x114 c:/program files (x86)/arm gnu toolchain arm-none-eabi/12.2 mpacbti-bet1/bin/../lib/gcc/arm-none-eabi/12.2.0/thumb/v6-m/nofp\libgcc.a(_udivsi3.o)
                0x080000b8                __aeabi_uidiv
                0x080000b8                __udivsi3
                0x080001c4                __aeabi_uidivmod
 .text          0x080001cc        0x4 c:/program files (x86)/arm gnu toolchain arm-none-eabi/12.2 mpacbti-bet1/bin/../lib/gcc/arm-none-eabi/12.2.0/thumb/v6-m/nofp\libgcc.a(_dvmd_tls.o)
                0x080001cc                __aeabi_idiv0
                0x080001cc                __aeabi_ldiv0
 *(.text*)
 .text.deregister_tm_clones
                0x080001d0       0x20 c:/program files (x86)/arm gnu toolchain arm-none-eabi/12.2 mpacbti-bet1/bin/../lib/gcc/arm-none-eabi/12.2.0/thumb/v6-m/nofp/crtbegin.o
 .text.register_tm_clones
                0x080001f0       0x28 c:/program files (x86)/arm gnu toolchain arm-none-eabi/12.2 mpacbti-bet1/bin/../lib/gcc/arm-none-eabi/12.2.0/thumb/v6-m/nofp/crtbegin.o
 .text.__do_global_dtors_aux
                0x08000218       0x2c c:/program files (x86)/arm gnu toolchain arm-none-eabi/12.2 mpacbti-bet1/bin/../lib/gcc/arm-none-eabi/12.2.0/thumb/v6-m/nofp/crtbegin.o
 .text.frame_dummy
                0x08000244       0x24 c:/program files (x86)/arm gnu toolchain arm-none-eabi/12.2 mpacbti-bet1/bin/../lib/gcc/arm-none-eabi/12.2.0/thumb/v6-m/nofp/crtbegin.o
 .text.lcd_init
                0x08000268      0x23c ./Core/Src/lcd_if.o
                0x08000268                lcd_init
 .text.lcd_write
                0x080004a4       0xa4 ./Core/Src/lcd_if.o
                0x080004a4                lcd_write
 .text.main     0x08000548       0x70 ./Core/Src/main.o
                0x08000548                main
 .text.SystemClock_Config
                0x080005b8       0xb4 ./Core/Src/main.o
                0x080005b8                SystemClock_Config
 .text.MX_TIM1_Init
                0x0800066c      0x198 ./Core/Src/main.o
 .text.MX_GPIO_Init
                0x08000804       0xf8 ./Core/Src/main.o
 .text.Error_Handler
                0x080008fc        0xc ./Core/Src/main.o
                0x080008fc                Error_Handler
 .text.HAL_MspInit
                0x08000908       0x48 ./Core/Src/stm32g0xx_hal_msp.o
                0x08000908                HAL_MspInit
 .text.HAL_TIM_Base_MspInit
                0x08000950       0x40 ./Core/Src/stm32g0xx_hal_msp.o
                0x08000950                HAL_TIM_Base_MspInit
 .text.HAL_TIM_MspPostInit
                0x08000990       0x7c ./Core/Src/stm32g0xx_hal_msp.o
                0x08000990                HAL_TIM_MspPostInit
 .text.NMI_Handler
                0x08000a0c        0x8 ./Core/Src/stm32g0xx_it.o
                0x08000a0c                NMI_Handler
 .text.HardFault_Handler
                0x08000a14        0x8 ./Core/Src/stm32g0xx_it.o
                0x08000a14                HardFault_Handler
 .text.SVC_Handler
                0x08000a1c        0xa ./Core/Src/stm32g0xx_it.o
                0x08000a1c                SVC_Handler
 .text.PendSV_Handler
                0x08000a26        0xa ./Core/Src/stm32g0xx_it.o
                0x08000a26                PendSV_Handler
 .text.SysTick_Handler
                0x08000a30        0xe ./Core/Src/stm32g0xx_it.o
                0x08000a30                SysTick_Handler
 *fill*         0x08000a3e        0x2 
 .text.EXTI4_15_IRQHandler
                0x08000a40      0x2cc ./Core/Src/stm32g0xx_it.o
                0x08000a40                EXTI4_15_IRQHandler
 .text.SystemInit
                0x08000d0c        0xa ./Core/Src/system_stm32g0xx.o
                0x08000d0c                SystemInit
 *fill*         0x08000d16        0x2 
 .text.Reset_Handler
                0x08000d18       0x50 ./Core/Startup/startup_stm32g030c8tx.o
                0x08000d18                Reset_Handler
 .text.Default_Handler
                0x08000d68        0x2 ./Core/Startup/startup_stm32g030c8tx.o
                0x08000d68                TIM1_CC_IRQHandler
                0x08000d68                I2C1_IRQHandler
                0x08000d68                RTC_TAMP_IRQHandler
                0x08000d68                SPI1_IRQHandler
                0x08000d68                DMA1_Ch4_5_DMAMUX1_OVR_IRQHandler
                0x08000d68                EXTI2_3_IRQHandler
                0x08000d68                ADC1_IRQHandler
                0x08000d68                I2C2_IRQHandler
                0x08000d68                TIM17_IRQHandler
                0x08000d68                TIM16_IRQHandler
                0x08000d68                TIM3_IRQHandler
                0x08000d68                RCC_IRQHandler
                0x08000d68                DMA1_Channel1_IRQHandler
                0x08000d68                Default_Handler
                0x08000d68                TIM14_IRQHandler
                0x08000d68                EXTI0_1_IRQHandler
                0x08000d68                SPI2_IRQHandler
                0x08000d68                WWDG_IRQHandler
                0x08000d68                DMA1_Channel2_3_IRQHandler
                0x08000d68                USART2_IRQHandler
                0x08000d68                FLASH_IRQHandler
                0x08000d68                USART1_IRQHandler
                0x08000d68                TIM1_BRK_UP_TRG_COM_IRQHandler
 *fill*         0x08000d6a        0x2 
 .text.HAL_Init
                0x08000d6c       0x40 ./Drivers/STM32G0xx_HAL_Driver/Src/stm32g0xx_hal.o
                0x08000d6c                HAL_Init
 .text.HAL_InitTick
                0x08000dac       0x94 ./Drivers/STM32G0xx_HAL_Driver/Src/stm32g0xx_hal.o
                0x08000dac                HAL_InitTick
 .text.HAL_IncTick
                0x08000e40       0x24 ./Drivers/STM32G0xx_HAL_Driver/Src/stm32g0xx_hal.o
                0x08000e40                HAL_IncTick
 .text.HAL_GetTick
                0x08000e64       0x14 ./Drivers/STM32G0xx_HAL_Driver/Src/stm32g0xx_hal.o
                0x08000e64                HAL_GetTick
 .text.HAL_Delay
                0x08000e78       0x48 ./Drivers/STM32G0xx_HAL_Driver/Src/stm32g0xx_hal.o
                0x08000e78                HAL_Delay
 .text.__NVIC_EnableIRQ
                0x08000ec0       0x34 ./Drivers/STM32G0xx_HAL_Driver/Src/stm32g0xx_hal_cortex.o
 .text.__NVIC_SetPriority
                0x08000ef4       0xdc ./Drivers/STM32G0xx_HAL_Driver/Src/stm32g0xx_hal_cortex.o
 .text.SysTick_Config
                0x08000fd0       0x48 ./Drivers/STM32G0xx_HAL_Driver/Src/stm32g0xx_hal_cortex.o
 .text.HAL_NVIC_SetPriority
                0x08001018       0x2a ./Drivers/STM32G0xx_HAL_Driver/Src/stm32g0xx_hal_cortex.o
                0x08001018                HAL_NVIC_SetPriority
 .text.HAL_NVIC_EnableIRQ
                0x08001042       0x20 ./Drivers/STM32G0xx_HAL_Driver/Src/stm32g0xx_hal_cortex.o
                0x08001042                HAL_NVIC_EnableIRQ
 .text.HAL_SYSTICK_Config
                0x08001062       0x1a ./Drivers/STM32G0xx_HAL_Driver/Src/stm32g0xx_hal_cortex.o
                0x08001062                HAL_SYSTICK_Config
 .text.HAL_GPIO_Init
                0x0800107c      0x2c8 ./Drivers/STM32G0xx_HAL_Driver/Src/stm32g0xx_hal_gpio.o
                0x0800107c                HAL_GPIO_Init
 .text.HAL_GPIO_WritePin
                0x08001344       0x3a ./Drivers/STM32G0xx_HAL_Driver/Src/stm32g0xx_hal_gpio.o
                0x08001344                HAL_GPIO_WritePin
 *fill*         0x0800137e        0x2 
 .text.HAL_GPIO_EXTI_IRQHandler
                0x08001380       0x54 ./Drivers/STM32G0xx_HAL_Driver/Src/stm32g0xx_hal_gpio.o
                0x08001380                HAL_GPIO_EXTI_IRQHandler
 .text.HAL_GPIO_EXTI_Rising_Callback
                0x080013d4       0x14 ./Drivers/STM32G0xx_HAL_Driver/Src/stm32g0xx_hal_gpio.o
                0x080013d4                HAL_GPIO_EXTI_Rising_Callback
 .text.HAL_GPIO_EXTI_Falling_Callback
                0x080013e8       0x14 ./Drivers/STM32G0xx_HAL_Driver/Src/stm32g0xx_hal_gpio.o
                0x080013e8                HAL_GPIO_EXTI_Falling_Callback
 .text.HAL_PWR_EnterSLEEPMode
                0x080013fc       0x6c ./Drivers/STM32G0xx_HAL_Driver/Src/stm32g0xx_hal_pwr.o
                0x080013fc                HAL_PWR_EnterSLEEPMode
 .text.HAL_PWREx_ControlVoltageScaling
                0x08001468       0x80 ./Drivers/STM32G0xx_HAL_Driver/Src/stm32g0xx_hal_pwr_ex.o
                0x08001468                HAL_PWREx_ControlVoltageScaling
 .text.HAL_PWREx_EnableLowPowerRunMode
                0x080014e8       0x1c ./Drivers/STM32G0xx_HAL_Driver/Src/stm32g0xx_hal_pwr_ex.o
                0x080014e8                HAL_PWREx_EnableLowPowerRunMode
 .text.HAL_PWREx_DisableLowPowerRunMode
                0x08001504       0x6c ./Drivers/STM32G0xx_HAL_Driver/Src/stm32g0xx_hal_pwr_ex.o
                0x08001504                HAL_PWREx_DisableLowPowerRunMode
 .text.HAL_RCC_OscConfig
                0x08001570      0x620 ./Drivers/STM32G0xx_HAL_Driver/Src/stm32g0xx_hal_rcc.o
                0x08001570                HAL_RCC_OscConfig
 .text.HAL_RCC_ClockConfig
                0x08001b90      0x210 ./Drivers/STM32G0xx_HAL_Driver/Src/stm32g0xx_hal_rcc.o
                0x08001b90                HAL_RCC_ClockConfig
 .text.HAL_RCC_GetSysClockFreq
                0x08001da0      0x104 ./Drivers/STM32G0xx_HAL_Driver/Src/stm32g0xx_hal_rcc.o
                0x08001da0                HAL_RCC_GetSysClockFreq
 .text.HAL_TIM_Base_Init
                0x08001ea4       0xb0 ./Drivers/STM32G0xx_HAL_Driver/Src/stm32g0xx_hal_tim.o
                0x08001ea4                HAL_TIM_Base_Init
 .text.HAL_TIM_PWM_Init
                0x08001f54       0xb0 ./Drivers/STM32G0xx_HAL_Driver/Src/stm32g0xx_hal_tim.o
                0x08001f54                HAL_TIM_PWM_Init
 .text.HAL_TIM_PWM_MspInit
                0x08002004       0x10 ./Drivers/STM32G0xx_HAL_Driver/Src/stm32g0xx_hal_tim.o
                0x08002004                HAL_TIM_PWM_MspInit
 .text.HAL_TIM_PWM_ConfigChannel
                0x08002014      0x200 ./Drivers/STM32G0xx_HAL_Driver/Src/stm32g0xx_hal_tim.o
                0x08002014                HAL_TIM_PWM_ConfigChannel
 .text.HAL_TIM_ConfigClockSource
                0x08002214      0x1ac ./Drivers/STM32G0xx_HAL_Driver/Src/stm32g0xx_hal_tim.o
                0x08002214                HAL_TIM_ConfigClockSource
 .text.TIM_Base_SetConfig
                0x080023c0       0xd8 ./Drivers/STM32G0xx_HAL_Driver/Src/stm32g0xx_hal_tim.o
                0x080023c0                TIM_Base_SetConfig
 .text.TIM_OC1_SetConfig
                0x08002498      0x100 ./Drivers/STM32G0xx_HAL_Driver/Src/stm32g0xx_hal_tim.o
 .text.TIM_OC2_SetConfig
                0x08002598       0xfc ./Drivers/STM32G0xx_HAL_Driver/Src/stm32g0xx_hal_tim.o
                0x08002598                TIM_OC2_SetConfig
 .text.TIM_OC3_SetConfig
                0x08002694      0x104 ./Drivers/STM32G0xx_HAL_Driver/Src/stm32g0xx_hal_tim.o
 .text.TIM_OC4_SetConfig
                0x08002798       0xc8 ./Drivers/STM32G0xx_HAL_Driver/Src/stm32g0xx_hal_tim.o
 .text.TIM_OC5_SetConfig
                0x08002860       0xb4 ./Drivers/STM32G0xx_HAL_Driver/Src/stm32g0xx_hal_tim.o
 .text.TIM_OC6_SetConfig
                0x08002914       0xbc ./Drivers/STM32G0xx_HAL_Driver/Src/stm32g0xx_hal_tim.o
 .text.TIM_TI1_ConfigInputStage
                0x080029d0       0x5c ./Drivers/STM32G0xx_HAL_Driver/Src/stm32g0xx_hal_tim.o
 .text.TIM_TI2_ConfigInputStage
                0x08002a2c       0x64 ./Drivers/STM32G0xx_HAL_Driver/Src/stm32g0xx_hal_tim.o
 .text.TIM_ITRx_SetConfig
                0x08002a90       0x38 ./Drivers/STM32G0xx_HAL_Driver/Src/stm32g0xx_hal_tim.o
 .text.TIM_ETR_SetConfig
                0x08002ac8       0x40 ./Drivers/STM32G0xx_HAL_Driver/Src/stm32g0xx_hal_tim.o
                0x08002ac8                TIM_ETR_SetConfig
 .text.HAL_TIMEx_PWMN_Start
                0x08002b08      0x130 ./Drivers/STM32G0xx_HAL_Driver/Src/stm32g0xx_hal_tim_ex.o
                0x08002b08                HAL_TIMEx_PWMN_Start
 .text.HAL_TIMEx_MasterConfigSynchronization
                0x08002c38       0xc4 ./Drivers/STM32G0xx_HAL_Driver/Src/stm32g0xx_hal_tim_ex.o
                0x08002c38                HAL_TIMEx_MasterConfigSynchronization
 .text.HAL_TIMEx_ConfigBreakDeadTime
                0x08002cfc      0x14c ./Drivers/STM32G0xx_HAL_Driver/Src/stm32g0xx_hal_tim_ex.o
                0x08002cfc                HAL_TIMEx_ConfigBreakDeadTime
 .text.TIM_CCxNChannelCmd
                0x08002e48       0x46 ./Drivers/STM32G0xx_HAL_Driver/Src/stm32g0xx_hal_tim_ex.o
 .text.memset   0x08002e8e       0x10 c:/program files (x86)/arm gnu toolchain arm-none-eabi/12.2 mpacbti-bet1/bin/../lib/gcc/arm-none-eabi/12.2.0/thumb/v6-m/nofp\libc_nano.a(libc_a-memset.o)
                0x08002e8e                memset
 *fill*         0x08002e9e        0x2 
 .text.__libc_init_array
                0x08002ea0       0x48 c:/program files (x86)/arm gnu toolchain arm-none-eabi/12.2 mpacbti-bet1/bin/../lib/gcc/arm-none-eabi/12.2.0/thumb/v6-m/nofp\libc_nano.a(libc_a-init.o)
                0x08002ea0                __libc_init_array
 *(.glue_7)
 .glue_7        0x08002ee8        0x0 linker stubs
 *(.glue_7t)
 .glue_7t       0x08002ee8        0x0 linker stubs
 *(.eh_frame)
 .eh_frame      0x08002ee8        0x0 c:/program files (x86)/arm gnu toolchain arm-none-eabi/12.2 mpacbti-bet1/bin/../lib/gcc/arm-none-eabi/12.2.0/thumb/v6-m/nofp/crtbegin.o
 *(.init)
 .init          0x08002ee8        0x4 c:/program files (x86)/arm gnu toolchain arm-none-eabi/12.2 mpacbti-bet1/bin/../lib/gcc/arm-none-eabi/12.2.0/thumb/v6-m/nofp/crti.o
                0x08002ee8                _init
 .init          0x08002eec        0x8 c:/program files (x86)/arm gnu toolchain arm-none-eabi/12.2 mpacbti-bet1/bin/../lib/gcc/arm-none-eabi/12.2.0/thumb/v6-m/nofp/crtn.o
 *(.fini)
 .fini          0x08002ef4        0x4 c:/program files (x86)/arm gnu toolchain arm-none-eabi/12.2 mpacbti-bet1/bin/../lib/gcc/arm-none-eabi/12.2.0/thumb/v6-m/nofp/crti.o
                0x08002ef4                _fini
 .fini          0x08002ef8        0x8 c:/program files (x86)/arm gnu toolchain arm-none-eabi/12.2 mpacbti-bet1/bin/../lib/gcc/arm-none-eabi/12.2.0/thumb/v6-m/nofp/crtn.o
                0x08002f00                        . = ALIGN (0x4)
                0x08002f00                        _etext = .

.vfp11_veneer   0x08002f00        0x0
 .vfp11_veneer  0x08002f00        0x0 linker stubs

.v4_bx          0x08002f00        0x0
 .v4_bx         0x08002f00        0x0 linker stubs

.iplt           0x08002f00        0x0
 .iplt          0x08002f00        0x0 c:/program files (x86)/arm gnu toolchain arm-none-eabi/12.2 mpacbti-bet1/bin/../lib/gcc/arm-none-eabi/12.2.0/thumb/v6-m/nofp/crtbegin.o

.rodata         0x08002f00       0x94
                0x08002f00                        . = ALIGN (0x4)
 *(.rodata)
 *(.rodata*)
 .rodata.AHBPrescTable
                0x08002f00       0x40 ./Core/Src/system_stm32g0xx.o
                0x08002f00                AHBPrescTable
 .rodata.HAL_TIM_PWM_ConfigChannel
                0x08002f40       0x54 ./Drivers/STM32G0xx_HAL_Driver/Src/stm32g0xx_hal_tim.o
                0x08002f94                        . = ALIGN (0x4)

.rel.dyn        0x08002f94        0x0
 .rel.iplt      0x08002f94        0x0 c:/program files (x86)/arm gnu toolchain arm-none-eabi/12.2 mpacbti-bet1/bin/../lib/gcc/arm-none-eabi/12.2.0/thumb/v6-m/nofp/crtbegin.o

.ARM.extab      0x08002f94        0x0
                0x08002f94                        . = ALIGN (0x4)
 *(.ARM.extab* .gnu.linkonce.armextab.*)
                0x08002f94                        . = ALIGN (0x4)

.ARM            0x08002f94        0x0
                0x08002f94                        . = ALIGN (0x4)
                0x08002f94                        __exidx_start = .
 *(.ARM.exidx*)
                0x08002f94                        __exidx_end = .
                0x08002f94                        . = ALIGN (0x4)

.preinit_array  0x08002f94        0x0
                0x08002f94                        . = ALIGN (0x4)
                0x08002f94                        PROVIDE (__preinit_array_start = .)
 *(.preinit_array*)
                0x08002f94                        PROVIDE (__preinit_array_end = .)
                0x08002f94                        . = ALIGN (0x4)

.init_array     0x08002f94        0x4
                0x08002f94                        . = ALIGN (0x4)
                0x08002f94                        PROVIDE (__init_array_start = .)
 *(SORT_BY_NAME(.init_array.*))
 *(.init_array*)
 .init_array    0x08002f94        0x4 c:/program files (x86)/arm gnu toolchain arm-none-eabi/12.2 mpacbti-bet1/bin/../lib/gcc/arm-none-eabi/12.2.0/thumb/v6-m/nofp/crtbegin.o
                0x08002f98                        PROVIDE (__init_array_end = .)
                0x08002f98                        . = ALIGN (0x4)

.fini_array     0x08002f98        0x4
                0x08002f98                        . = ALIGN (0x4)
                [!provide]                        PROVIDE (__fini_array_start = .)
 *(SORT_BY_NAME(.fini_array.*))
 *(.fini_array*)
 .fini_array    0x08002f98        0x4 c:/program files (x86)/arm gnu toolchain arm-none-eabi/12.2 mpacbti-bet1/bin/../lib/gcc/arm-none-eabi/12.2.0/thumb/v6-m/nofp/crtbegin.o
                [!provide]                        PROVIDE (__fini_array_end = .)
                0x08002f9c                        . = ALIGN (0x4)
                0x08002f9c                        _sidata = LOADADDR (.data)

.data           0x20000000       0x10 load address 0x08002f9c
                0x20000000                        . = ALIGN (0x4)
                0x20000000                        _sdata = .
 *(.data)
 *(.data*)
 .data.fade_counter
                0x20000000        0x2 ./Core/Src/main.o
                0x20000000                fade_counter
 *fill*         0x20000002        0x2 
 .data.SystemCoreClock
                0x20000004        0x4 ./Core/Src/system_stm32g0xx.o
                0x20000004                SystemCoreClock
 .data.uwTickPrio
                0x20000008        0x4 ./Drivers/STM32G0xx_HAL_Driver/Src/stm32g0xx_hal.o
                0x20000008                uwTickPrio
 .data.uwTickFreq
                0x2000000c        0x1 ./Drivers/STM32G0xx_HAL_Driver/Src/stm32g0xx_hal.o
                0x2000000c                uwTickFreq
 *(.RamFunc)
 *(.RamFunc*)
                0x20000010                        . = ALIGN (0x4)
 *fill*         0x2000000d        0x3 
                0x20000010                        _edata = .

.tm_clone_table
                0x20000010        0x0 load address 0x08002fac
 .tm_clone_table
                0x20000010        0x0 c:/program files (x86)/arm gnu toolchain arm-none-eabi/12.2 mpacbti-bet1/bin/../lib/gcc/arm-none-eabi/12.2.0/thumb/v6-m/nofp/crtbegin.o
 .tm_clone_table
                0x20000010        0x0 c:/program files (x86)/arm gnu toolchain arm-none-eabi/12.2 mpacbti-bet1/bin/../lib/gcc/arm-none-eabi/12.2.0/thumb/v6-m/nofp/crtend.o

.igot.plt       0x20000010        0x0 load address 0x08002fac
 .igot.plt      0x20000010        0x0 c:/program files (x86)/arm gnu toolchain arm-none-eabi/12.2 mpacbti-bet1/bin/../lib/gcc/arm-none-eabi/12.2.0/thumb/v6-m/nofp/crtbegin.o
                0x20000010                        . = ALIGN (0x4)

.bss            0x20000010       0x78 load address 0x08002fac
                0x20000010                        _sbss = .
                0x20000010                        __bss_start__ = _sbss
 *(.bss)
 *(.bss*)
 .bss.completed.1
                0x20000010        0x1 c:/program files (x86)/arm gnu toolchain arm-none-eabi/12.2 mpacbti-bet1/bin/../lib/gcc/arm-none-eabi/12.2.0/thumb/v6-m/nofp/crtbegin.o
 *fill*         0x20000011        0x3 
 .bss.object.0  0x20000014       0x18 c:/program files (x86)/arm gnu toolchain arm-none-eabi/12.2 mpacbti-bet1/bin/../lib/gcc/arm-none-eabi/12.2.0/thumb/v6-m/nofp/crtbegin.o
 .bss.htim1     0x2000002c       0x4c ./Core/Src/main.o
                0x2000002c                htim1
 .bss.skip_next
                0x20000078        0x1 ./Core/Src/stm32g0xx_it.o
                0x20000078                skip_next
 .bss.last_command
                0x20000079        0x1 ./Core/Src/stm32g0xx_it.o
                0x20000079                last_command
 .bss.state_tracker
                0x2000007a        0x1 ./Core/Src/stm32g0xx_it.o
                0x2000007a                state_tracker
 .bss.skip_data
                0x2000007b        0x1 ./Core/Src/stm32g0xx_it.o
                0x2000007b                skip_data
 .bss.col_val   0x2000007c        0x1 ./Core/Src/stm32g0xx_it.o
                0x2000007c                col_val
 .bss.old_col_val
                0x2000007d        0x1 ./Core/Src/stm32g0xx_it.o
                0x2000007d                old_col_val
 .bss.ovf       0x2000007e        0x1 ./Core/Src/stm32g0xx_it.o
                0x2000007e                ovf
 .bss.col_val_ctr
                0x2000007f        0x1 ./Core/Src/stm32g0xx_it.o
                0x2000007f                col_val_ctr
 .bss.col_ctr   0x20000080        0x1 ./Core/Src/stm32g0xx_it.o
                0x20000080                col_ctr
 .bss.datalines
                0x20000081        0x1 ./Core/Src/stm32g0xx_it.o
                0x20000081                datalines
 *fill*         0x20000082        0x2 
 .bss.uwTick    0x20000084        0x4 ./Drivers/STM32G0xx_HAL_Driver/Src/stm32g0xx_hal.o
                0x20000084                uwTick
 *(COMMON)
                0x20000088                        . = ALIGN (0x4)
                0x20000088                        _ebss = .
                0x20000088                        __bss_end__ = _ebss

._user_heap_stack
                0x20000088      0x600 load address 0x08002fac
                0x20000088                        . = ALIGN (0x8)
                [!provide]                        PROVIDE (end = .)
                0x20000088                        PROVIDE (_end = .)
                0x20000288                        . = (. + _Min_Heap_Size)
 *fill*         0x20000088      0x200 
                0x20000688                        . = (. + _Min_Stack_Size)
 *fill*         0x20000288      0x400 
                0x20000688                        . = ALIGN (0x8)

/DISCARD/
 libc.a(*)
 libm.a(*)
 libgcc.a(*)

.ARM.attributes
                0x00000000       0x28
 *(.ARM.attributes)
 .ARM.attributes
                0x00000000       0x1e c:/program files (x86)/arm gnu toolchain arm-none-eabi/12.2 mpacbti-bet1/bin/../lib/gcc/arm-none-eabi/12.2.0/thumb/v6-m/nofp/crti.o
 .ARM.attributes
                0x0000001e       0x2c c:/program files (x86)/arm gnu toolchain arm-none-eabi/12.2 mpacbti-bet1/bin/../lib/gcc/arm-none-eabi/12.2.0/thumb/v6-m/nofp/crtbegin.o
 .ARM.attributes
                0x0000004a       0x2c ./Core/Src/lcd_if.o
 .ARM.attributes
                0x00000076       0x2c ./Core/Src/main.o
 .ARM.attributes
                0x000000a2       0x2c ./Core/Src/stm32g0xx_hal_msp.o
 .ARM.attributes
                0x000000ce       0x2c ./Core/Src/stm32g0xx_it.o
 .ARM.attributes
                0x000000fa       0x2c ./Core/Src/system_stm32g0xx.o
 .ARM.attributes
                0x00000126       0x22 ./Core/Startup/startup_stm32g030c8tx.o
 .ARM.attributes
                0x00000148       0x2c ./Drivers/STM32G0xx_HAL_Driver/Src/stm32g0xx_hal.o
 .ARM.attributes
                0x00000174       0x2c ./Drivers/STM32G0xx_HAL_Driver/Src/stm32g0xx_hal_cortex.o
 .ARM.attributes
                0x000001a0       0x2c ./Drivers/STM32G0xx_HAL_Driver/Src/stm32g0xx_hal_gpio.o
 .ARM.attributes
                0x000001cc       0x2c ./Drivers/STM32G0xx_HAL_Driver/Src/stm32g0xx_hal_pwr.o
 .ARM.attributes
                0x000001f8       0x2c ./Drivers/STM32G0xx_HAL_Driver/Src/stm32g0xx_hal_pwr_ex.o
 .ARM.attributes
                0x00000224       0x2c ./Drivers/STM32G0xx_HAL_Driver/Src/stm32g0xx_hal_rcc.o
 .ARM.attributes
                0x00000250       0x2c ./Drivers/STM32G0xx_HAL_Driver/Src/stm32g0xx_hal_tim.o
 .ARM.attributes
                0x0000027c       0x2c ./Drivers/STM32G0xx_HAL_Driver/Src/stm32g0xx_hal_tim_ex.o
 .ARM.attributes
                0x000002a8       0x2c c:/program files (x86)/arm gnu toolchain arm-none-eabi/12.2 mpacbti-bet1/bin/../lib/gcc/arm-none-eabi/12.2.0/thumb/v6-m/nofp\libc_nano.a(libc_a-memset.o)
 .ARM.attributes
                0x000002d4       0x2c c:/program files (x86)/arm gnu toolchain arm-none-eabi/12.2 mpacbti-bet1/bin/../lib/gcc/arm-none-eabi/12.2.0/thumb/v6-m/nofp\libc_nano.a(libc_a-init.o)
 .ARM.attributes
                0x00000300       0x1e c:/program files (x86)/arm gnu toolchain arm-none-eabi/12.2 mpacbti-bet1/bin/../lib/gcc/arm-none-eabi/12.2.0/thumb/v6-m/nofp\libgcc.a(_udivsi3.o)
 .ARM.attributes
                0x0000031e       0x1e c:/program files (x86)/arm gnu toolchain arm-none-eabi/12.2 mpacbti-bet1/bin/../lib/gcc/arm-none-eabi/12.2.0/thumb/v6-m/nofp\libgcc.a(_dvmd_tls.o)
 .ARM.attributes
                0x0000033c       0x2c c:/program files (x86)/arm gnu toolchain arm-none-eabi/12.2 mpacbti-bet1/bin/../lib/gcc/arm-none-eabi/12.2.0/thumb/v6-m/nofp/crtend.o
 .ARM.attributes
                0x00000368       0x1e c:/program files (x86)/arm gnu toolchain arm-none-eabi/12.2 mpacbti-bet1/bin/../lib/gcc/arm-none-eabi/12.2.0/thumb/v6-m/nofp/crtn.o
OUTPUT(UMeterLCD.elf elf32-littlearm)
LOAD linker stubs
LOAD c:/program files (x86)/arm gnu toolchain arm-none-eabi/12.2 mpacbti-bet1/bin/../lib/gcc/arm-none-eabi/12.2.0/thumb/v6-m/nofp\libc.a
LOAD c:/program files (x86)/arm gnu toolchain arm-none-eabi/12.2 mpacbti-bet1/bin/../lib/gcc/arm-none-eabi/12.2.0/thumb/v6-m/nofp\libm.a
LOAD c:/program files (x86)/arm gnu toolchain arm-none-eabi/12.2 mpacbti-bet1/bin/../lib/gcc/arm-none-eabi/12.2.0/thumb/v6-m/nofp\libgcc.a

.comment        0x00000000       0x4c
 .comment       0x00000000       0x4c c:/program files (x86)/arm gnu toolchain arm-none-eabi/12.2 mpacbti-bet1/bin/../lib/gcc/arm-none-eabi/12.2.0/thumb/v6-m/nofp/crtbegin.o
                                 0x4d (size before relaxing)
 .comment       0x0000004c       0x4d ./Core/Src/lcd_if.o
 .comment       0x0000004c       0x4d ./Core/Src/main.o
 .comment       0x0000004c       0x4d ./Core/Src/stm32g0xx_hal_msp.o
 .comment       0x0000004c       0x4d ./Core/Src/stm32g0xx_it.o
 .comment       0x0000004c       0x4d ./Core/Src/system_stm32g0xx.o
 .comment       0x0000004c       0x4d ./Drivers/STM32G0xx_HAL_Driver/Src/stm32g0xx_hal.o
 .comment       0x0000004c       0x4d ./Drivers/STM32G0xx_HAL_Driver/Src/stm32g0xx_hal_cortex.o
 .comment       0x0000004c       0x4d ./Drivers/STM32G0xx_HAL_Driver/Src/stm32g0xx_hal_gpio.o
 .comment       0x0000004c       0x4d ./Drivers/STM32G0xx_HAL_Driver/Src/stm32g0xx_hal_pwr.o
 .comment       0x0000004c       0x4d ./Drivers/STM32G0xx_HAL_Driver/Src/stm32g0xx_hal_pwr_ex.o
 .comment       0x0000004c       0x4d ./Drivers/STM32G0xx_HAL_Driver/Src/stm32g0xx_hal_rcc.o
 .comment       0x0000004c       0x4d ./Drivers/STM32G0xx_HAL_Driver/Src/stm32g0xx_hal_tim.o
 .comment       0x0000004c       0x4d ./Drivers/STM32G0xx_HAL_Driver/Src/stm32g0xx_hal_tim_ex.o
 .comment       0x0000004c       0x4d c:/program files (x86)/arm gnu toolchain arm-none-eabi/12.2 mpacbti-bet1/bin/../lib/gcc/arm-none-eabi/12.2.0/thumb/v6-m/nofp\libc_nano.a(libc_a-memset.o)
 .comment       0x0000004c       0x4d c:/program files (x86)/arm gnu toolchain arm-none-eabi/12.2 mpacbti-bet1/bin/../lib/gcc/arm-none-eabi/12.2.0/thumb/v6-m/nofp\libc_nano.a(libc_a-init.o)
 .comment       0x0000004c       0x4d c:/program files (x86)/arm gnu toolchain arm-none-eabi/12.2 mpacbti-bet1/bin/../lib/gcc/arm-none-eabi/12.2.0/thumb/v6-m/nofp/crtend.o

.debug_info     0x00000000     0x9864
 .debug_info    0x00000000      0x288 ./Core/Src/lcd_if.o
 .debug_info    0x00000288     0x1185 ./Core/Src/main.o
 .debug_info    0x0000140d      0xaf6 ./Core/Src/stm32g0xx_hal_msp.o
 .debug_info    0x00001f03      0x385 ./Core/Src/stm32g0xx_it.o
 .debug_info    0x00002288      0x316 ./Core/Src/system_stm32g0xx.o
 .debug_info    0x0000259e       0x2e ./Core/Startup/startup_stm32g030c8tx.o
 .debug_info    0x000025cc      0x8f0 ./Drivers/STM32G0xx_HAL_Driver/Src/stm32g0xx_hal.o
 .debug_info    0x00002ebc      0x85d ./Drivers/STM32G0xx_HAL_Driver/Src/stm32g0xx_hal_cortex.o
 .debug_info    0x00003719      0x59d ./Drivers/STM32G0xx_HAL_Driver/Src/stm32g0xx_hal_gpio.o
 .debug_info    0x00003cb6      0x5aa ./Drivers/STM32G0xx_HAL_Driver/Src/stm32g0xx_hal_pwr.o
 .debug_info    0x00004260      0x496 ./Drivers/STM32G0xx_HAL_Driver/Src/stm32g0xx_hal_pwr_ex.o
 .debug_info    0x000046f6      0xad3 ./Drivers/STM32G0xx_HAL_Driver/Src/stm32g0xx_hal_rcc.o
 .debug_info    0x000051c9     0x2b84 ./Drivers/STM32G0xx_HAL_Driver/Src/stm32g0xx_hal_tim.o
 .debug_info    0x00007d4d     0x18b8 ./Drivers/STM32G0xx_HAL_Driver/Src/stm32g0xx_hal_tim_ex.o
 .debug_info    0x00009605       0xe0 c:/program files (x86)/arm gnu toolchain arm-none-eabi/12.2 mpacbti-bet1/bin/../lib/gcc/arm-none-eabi/12.2.0/thumb/v6-m/nofp\libc_nano.a(libc_a-memset.o)
 .debug_info    0x000096e5      0x10b c:/program files (x86)/arm gnu toolchain arm-none-eabi/12.2 mpacbti-bet1/bin/../lib/gcc/arm-none-eabi/12.2.0/thumb/v6-m/nofp\libc_nano.a(libc_a-init.o)
 .debug_info    0x000097f0       0x3b c:/program files (x86)/arm gnu toolchain arm-none-eabi/12.2 mpacbti-bet1/bin/../lib/gcc/arm-none-eabi/12.2.0/thumb/v6-m/nofp\libgcc.a(_udivsi3.o)
 .debug_info    0x0000982b       0x39 c:/program files (x86)/arm gnu toolchain arm-none-eabi/12.2 mpacbti-bet1/bin/../lib/gcc/arm-none-eabi/12.2.0/thumb/v6-m/nofp\libgcc.a(_dvmd_tls.o)

.debug_abbrev   0x00000000     0x1ca1
 .debug_abbrev  0x00000000      0x155 ./Core/Src/lcd_if.o
 .debug_abbrev  0x00000155      0x2b6 ./Core/Src/main.o
 .debug_abbrev  0x0000040b      0x1d6 ./Core/Src/stm32g0xx_hal_msp.o
 .debug_abbrev  0x000005e1      0x189 ./Core/Src/stm32g0xx_it.o
 .debug_abbrev  0x0000076a      0x119 ./Core/Src/system_stm32g0xx.o
 .debug_abbrev  0x00000883       0x1d ./Core/Startup/startup_stm32g030c8tx.o
 .debug_abbrev  0x000008a0      0x2b4 ./Drivers/STM32G0xx_HAL_Driver/Src/stm32g0xx_hal.o
 .debug_abbrev  0x00000b54      0x2ab ./Drivers/STM32G0xx_HAL_Driver/Src/stm32g0xx_hal_cortex.o
 .debug_abbrev  0x00000dff      0x1c3 ./Drivers/STM32G0xx_HAL_Driver/Src/stm32g0xx_hal_gpio.o
 .debug_abbrev  0x00000fc2      0x172 ./Drivers/STM32G0xx_HAL_Driver/Src/stm32g0xx_hal_pwr.o
 .debug_abbrev  0x00001134      0x1d7 ./Drivers/STM32G0xx_HAL_Driver/Src/stm32g0xx_hal_pwr_ex.o
 .debug_abbrev  0x0000130b      0x2a9 ./Drivers/STM32G0xx_HAL_Driver/Src/stm32g0xx_hal_rcc.o
 .debug_abbrev  0x000015b4      0x29b ./Drivers/STM32G0xx_HAL_Driver/Src/stm32g0xx_hal_tim.o
 .debug_abbrev  0x0000184f      0x2ab ./Drivers/STM32G0xx_HAL_Driver/Src/stm32g0xx_hal_tim_ex.o
 .debug_abbrev  0x00001afa       0x9e c:/program files (x86)/arm gnu toolchain arm-none-eabi/12.2 mpacbti-bet1/bin/../lib/gcc/arm-none-eabi/12.2.0/thumb/v6-m/nofp\libc_nano.a(libc_a-memset.o)
 .debug_abbrev  0x00001b98       0xc9 c:/program files (x86)/arm gnu toolchain arm-none-eabi/12.2 mpacbti-bet1/bin/../lib/gcc/arm-none-eabi/12.2.0/thumb/v6-m/nofp\libc_nano.a(libc_a-init.o)
 .debug_abbrev  0x00001c61       0x21 c:/program files (x86)/arm gnu toolchain arm-none-eabi/12.2 mpacbti-bet1/bin/../lib/gcc/arm-none-eabi/12.2.0/thumb/v6-m/nofp\libgcc.a(_udivsi3.o)
 .debug_abbrev  0x00001c82       0x1f c:/program files (x86)/arm gnu toolchain arm-none-eabi/12.2 mpacbti-bet1/bin/../lib/gcc/arm-none-eabi/12.2.0/thumb/v6-m/nofp\libgcc.a(_dvmd_tls.o)

.debug_aranges  0x00000000      0xb28
 .debug_aranges
                0x00000000       0x30 ./Core/Src/lcd_if.o
 .debug_aranges
                0x00000030       0x40 ./Core/Src/main.o
 .debug_aranges
                0x00000070       0x38 ./Core/Src/stm32g0xx_hal_msp.o
 .debug_aranges
                0x000000a8       0x50 ./Core/Src/stm32g0xx_it.o
 .debug_aranges
                0x000000f8       0x28 ./Core/Src/system_stm32g0xx.o
 .debug_aranges
                0x00000120       0x28 ./Core/Startup/startup_stm32g030c8tx.o
 .debug_aranges
                0x00000148      0x100 ./Drivers/STM32G0xx_HAL_Driver/Src/stm32g0xx_hal.o
 .debug_aranges
                0x00000248       0xd8 ./Drivers/STM32G0xx_HAL_Driver/Src/stm32g0xx_hal_cortex.o
 .debug_aranges
                0x00000320       0x60 ./Drivers/STM32G0xx_HAL_Driver/Src/stm32g0xx_hal_gpio.o
 .debug_aranges
                0x00000380       0x78 ./Drivers/STM32G0xx_HAL_Driver/Src/stm32g0xx_hal_pwr.o
 .debug_aranges
                0x000003f8       0x98 ./Drivers/STM32G0xx_HAL_Driver/Src/stm32g0xx_hal_pwr_ex.o
 .debug_aranges
                0x00000490       0xa0 ./Drivers/STM32G0xx_HAL_Driver/Src/stm32g0xx_hal_rcc.o
 .debug_aranges
                0x00000530      0x3e0 ./Drivers/STM32G0xx_HAL_Driver/Src/stm32g0xx_hal_tim.o
 .debug_aranges
                0x00000910      0x198 ./Drivers/STM32G0xx_HAL_Driver/Src/stm32g0xx_hal_tim_ex.o
 .debug_aranges
                0x00000aa8       0x20 c:/program files (x86)/arm gnu toolchain arm-none-eabi/12.2 mpacbti-bet1/bin/../lib/gcc/arm-none-eabi/12.2.0/thumb/v6-m/nofp\libc_nano.a(libc_a-memset.o)
 .debug_aranges
                0x00000ac8       0x20 c:/program files (x86)/arm gnu toolchain arm-none-eabi/12.2 mpacbti-bet1/bin/../lib/gcc/arm-none-eabi/12.2.0/thumb/v6-m/nofp\libc_nano.a(libc_a-init.o)
 .debug_aranges
                0x00000ae8       0x20 c:/program files (x86)/arm gnu toolchain arm-none-eabi/12.2 mpacbti-bet1/bin/../lib/gcc/arm-none-eabi/12.2.0/thumb/v6-m/nofp\libgcc.a(_udivsi3.o)
 .debug_aranges
                0x00000b08       0x20 c:/program files (x86)/arm gnu toolchain arm-none-eabi/12.2 mpacbti-bet1/bin/../lib/gcc/arm-none-eabi/12.2.0/thumb/v6-m/nofp\libgcc.a(_dvmd_tls.o)

.debug_rnglists
                0x00000000      0x85e
 .debug_rnglists
                0x00000000       0x22 ./Core/Src/lcd_if.o
 .debug_rnglists
                0x00000022       0x2e ./Core/Src/main.o
 .debug_rnglists
                0x00000050       0x25 ./Core/Src/stm32g0xx_hal_msp.o
 .debug_rnglists
                0x00000075       0x38 ./Core/Src/stm32g0xx_it.o
 .debug_rnglists
                0x000000ad       0x1a ./Core/Src/system_stm32g0xx.o
 .debug_rnglists
                0x000000c7       0x19 ./Core/Startup/startup_stm32g030c8tx.o
 .debug_rnglists
                0x000000e0       0xbc ./Drivers/STM32G0xx_HAL_Driver/Src/stm32g0xx_hal.o
 .debug_rnglists
                0x0000019c       0x9f ./Drivers/STM32G0xx_HAL_Driver/Src/stm32g0xx_hal_cortex.o
 .debug_rnglists
                0x0000023b       0x45 ./Drivers/STM32G0xx_HAL_Driver/Src/stm32g0xx_hal_gpio.o
 .debug_rnglists
                0x00000280       0x55 ./Drivers/STM32G0xx_HAL_Driver/Src/stm32g0xx_hal_pwr.o
 .debug_rnglists
                0x000002d5       0x72 ./Drivers/STM32G0xx_HAL_Driver/Src/stm32g0xx_hal_pwr_ex.o
 .debug_rnglists
                0x00000347       0x79 ./Drivers/STM32G0xx_HAL_Driver/Src/stm32g0xx_hal_rcc.o
 .debug_rnglists
                0x000003c0      0x32a ./Drivers/STM32G0xx_HAL_Driver/Src/stm32g0xx_hal_tim.o
 .debug_rnglists
                0x000006ea      0x14e ./Drivers/STM32G0xx_HAL_Driver/Src/stm32g0xx_hal_tim_ex.o
 .debug_rnglists
                0x00000838       0x13 c:/program files (x86)/arm gnu toolchain arm-none-eabi/12.2 mpacbti-bet1/bin/../lib/gcc/arm-none-eabi/12.2.0/thumb/v6-m/nofp\libc_nano.a(libc_a-memset.o)
 .debug_rnglists
                0x0000084b       0x13 c:/program files (x86)/arm gnu toolchain arm-none-eabi/12.2 mpacbti-bet1/bin/../lib/gcc/arm-none-eabi/12.2.0/thumb/v6-m/nofp\libc_nano.a(libc_a-init.o)

.debug_macro    0x00000000    0x14153
 .debug_macro   0x00000000      0x1da ./Core/Src/lcd_if.o
 .debug_macro   0x000001da      0xaa2 ./Core/Src/lcd_if.o
 .debug_macro   0x00000c7c      0x117 ./Core/Src/lcd_if.o
 .debug_macro   0x00000d93       0x2e ./Core/Src/lcd_if.o
 .debug_macro   0x00000dc1       0x28 ./Core/Src/lcd_if.o
 .debug_macro   0x00000de9       0x22 ./Core/Src/lcd_if.o
 .debug_macro   0x00000e0b       0x8e ./Core/Src/lcd_if.o
 .debug_macro   0x00000e99       0x51 ./Core/Src/lcd_if.o
 .debug_macro   0x00000eea      0x103 ./Core/Src/lcd_if.o
 .debug_macro   0x00000fed       0x6a ./Core/Src/lcd_if.o
 .debug_macro   0x00001057      0x1df ./Core/Src/lcd_if.o
 .debug_macro   0x00001236       0x1c ./Core/Src/lcd_if.o
 .debug_macro   0x00001252       0x22 ./Core/Src/lcd_if.o
 .debug_macro   0x00001274       0xd1 ./Core/Src/lcd_if.o
 .debug_macro   0x00001345      0x4da ./Core/Src/lcd_if.o
 .debug_macro   0x0000181f      0x11f ./Core/Src/lcd_if.o
 .debug_macro   0x0000193e     0xa0c5 ./Core/Src/lcd_if.o
 .debug_macro   0x0000ba03       0x66 ./Core/Src/lcd_if.o
 .debug_macro   0x0000ba69     0x34fd ./Core/Src/lcd_if.o
 .debug_macro   0x0000ef66      0x189 ./Core/Src/lcd_if.o
 .debug_macro   0x0000f0ef       0x5c ./Core/Src/lcd_if.o
 .debug_macro   0x0000f14b      0x485 ./Core/Src/lcd_if.o
 .debug_macro   0x0000f5d0      0xdcd ./Core/Src/lcd_if.o
 .debug_macro   0x0001039d      0x106 ./Core/Src/lcd_if.o
 .debug_macro   0x000104a3      0x1cf ./Core/Src/lcd_if.o
 .debug_macro   0x00010672       0xff ./Core/Src/lcd_if.o
 .debug_macro   0x00010771      0x33c ./Core/Src/lcd_if.o
 .debug_macro   0x00010aad      0x202 ./Core/Src/lcd_if.o
 .debug_macro   0x00010caf      0x2c7 ./Core/Src/lcd_if.o
 .debug_macro   0x00010f76      0x198 ./Core/Src/lcd_if.o
 .debug_macro   0x0001110e       0x43 ./Core/Src/lcd_if.o
 .debug_macro   0x00011151      0x1f1 ./Core/Src/lcd_if.o
 .debug_macro   0x00011342      0x1d6 ./Core/Src/lcd_if.o
 .debug_macro   0x00011518      0x2a3 ./Core/Src/lcd_if.o
 .debug_macro   0x000117bb       0x28 ./Core/Src/lcd_if.o
 .debug_macro   0x000117e3       0xcf ./Core/Src/lcd_if.o
 .debug_macro   0x000118b2       0xff ./Core/Src/lcd_if.o
 .debug_macro   0x000119b1      0x10d ./Core/Src/lcd_if.o
 .debug_macro   0x00011abe      0xabb ./Core/Src/lcd_if.o
 .debug_macro   0x00012579       0xfa ./Core/Src/lcd_if.o
 .debug_macro   0x00012673      0x412 ./Core/Src/lcd_if.o
 .debug_macro   0x00012a85       0x22 ./Core/Src/lcd_if.o
 .debug_macro   0x00012aa7      0x1da ./Core/Src/main.o
 .debug_macro   0x00012c81       0x70 ./Core/Src/main.o
 .debug_macro   0x00012cf1      0x1da ./Core/Src/stm32g0xx_hal_msp.o
 .debug_macro   0x00012ecb      0x1e4 ./Core/Src/stm32g0xx_it.o
 .debug_macro   0x000130af      0x1cb ./Core/Src/system_stm32g0xx.o
 .debug_macro   0x0001327a      0x1e9 ./Drivers/STM32G0xx_HAL_Driver/Src/stm32g0xx_hal.o
 .debug_macro   0x00013463      0x1cb ./Drivers/STM32G0xx_HAL_Driver/Src/stm32g0xx_hal_cortex.o
 .debug_macro   0x0001362e      0x1d2 ./Drivers/STM32G0xx_HAL_Driver/Src/stm32g0xx_hal_gpio.o
 .debug_macro   0x00013800      0x1cb ./Drivers/STM32G0xx_HAL_Driver/Src/stm32g0xx_hal_pwr.o
 .debug_macro   0x000139cb      0x1dd ./Drivers/STM32G0xx_HAL_Driver/Src/stm32g0xx_hal_pwr_ex.o
 .debug_macro   0x00013ba8      0x207 ./Drivers/STM32G0xx_HAL_Driver/Src/stm32g0xx_hal_rcc.o
 .debug_macro   0x00013daf      0x1d3 ./Drivers/STM32G0xx_HAL_Driver/Src/stm32g0xx_hal_tim.o
 .debug_macro   0x00013f82      0x1d1 ./Drivers/STM32G0xx_HAL_Driver/Src/stm32g0xx_hal_tim_ex.o

.debug_line     0x00000000     0xb33b
 .debug_line    0x00000000      0x7c6 ./Core/Src/lcd_if.o
 .debug_line    0x000007c6      0x722 ./Core/Src/main.o
 .debug_line    0x00000ee8      0x5ff ./Core/Src/stm32g0xx_hal_msp.o
 .debug_line    0x000014e7      0x78b ./Core/Src/stm32g0xx_it.o
 .debug_line    0x00001c72      0x60a ./Core/Src/system_stm32g0xx.o
 .debug_line    0x0000227c       0x7b ./Core/Startup/startup_stm32g030c8tx.o
 .debug_line    0x000022f7      0x8c5 ./Drivers/STM32G0xx_HAL_Driver/Src/stm32g0xx_hal.o
 .debug_line    0x00002bbc      0x9bb ./Drivers/STM32G0xx_HAL_Driver/Src/stm32g0xx_hal_cortex.o
 .debug_line    0x00003577      0x9c9 ./Drivers/STM32G0xx_HAL_Driver/Src/stm32g0xx_hal_gpio.o
 .debug_line    0x00003f40      0x6f2 ./Drivers/STM32G0xx_HAL_Driver/Src/stm32g0xx_hal_pwr.o
 .debug_line    0x00004632      0x7db ./Drivers/STM32G0xx_HAL_Driver/Src/stm32g0xx_hal_pwr_ex.o
 .debug_line    0x00004e0d      0xd3a ./Drivers/STM32G0xx_HAL_Driver/Src/stm32g0xx_hal_rcc.o
 .debug_line    0x00005b47     0x39f0 ./Drivers/STM32G0xx_HAL_Driver/Src/stm32g0xx_hal_tim.o
 .debug_line    0x00009537     0x1a51 ./Drivers/STM32G0xx_HAL_Driver/Src/stm32g0xx_hal_tim_ex.o
 .debug_line    0x0000af88      0x188 c:/program files (x86)/arm gnu toolchain arm-none-eabi/12.2 mpacbti-bet1/bin/../lib/gcc/arm-none-eabi/12.2.0/thumb/v6-m/nofp\libc_nano.a(libc_a-memset.o)
 .debug_line    0x0000b110      0x18b c:/program files (x86)/arm gnu toolchain arm-none-eabi/12.2 mpacbti-bet1/bin/../lib/gcc/arm-none-eabi/12.2.0/thumb/v6-m/nofp\libc_nano.a(libc_a-init.o)
 .debug_line    0x0000b29b       0x56 c:/program files (x86)/arm gnu toolchain arm-none-eabi/12.2 mpacbti-bet1/bin/../lib/gcc/arm-none-eabi/12.2.0/thumb/v6-m/nofp\libgcc.a(_udivsi3.o)
 .debug_line    0x0000b2f1       0x4a c:/program files (x86)/arm gnu toolchain arm-none-eabi/12.2 mpacbti-bet1/bin/../lib/gcc/arm-none-eabi/12.2.0/thumb/v6-m/nofp\libgcc.a(_dvmd_tls.o)

.debug_str      0x00000000    0x809c1
 .debug_str     0x00000000    0x7d38c ./Core/Src/lcd_if.o
                              0x7d874 (size before relaxing)
 .debug_str     0x0007d38c      0xe5b ./Core/Src/main.o
                              0x7e70a (size before relaxing)
 .debug_str     0x0007e1e7       0x67 ./Core/Src/stm32g0xx_hal_msp.o
                              0x7e0a1 (size before relaxing)
 .debug_str     0x0007e24e      0x170 ./Core/Src/stm32g0xx_it.o
                              0x7dab7 (size before relaxing)
 .debug_str     0x0007e3be       0x8e ./Core/Src/system_stm32g0xx.o
                              0x7d8c7 (size before relaxing)
 .debug_str     0x0007e44c       0x45 ./Core/Startup/startup_stm32g030c8tx.o
                                 0x83 (size before relaxing)
 .debug_str     0x0007e491      0x474 ./Drivers/STM32G0xx_HAL_Driver/Src/stm32g0xx_hal.o
                              0x7df52 (size before relaxing)
 .debug_str     0x0007e905      0x26c ./Drivers/STM32G0xx_HAL_Driver/Src/stm32g0xx_hal_cortex.o
                              0x7dce1 (size before relaxing)
 .debug_str     0x0007eb71      0x139 ./Drivers/STM32G0xx_HAL_Driver/Src/stm32g0xx_hal_gpio.o
                              0x7d9fc (size before relaxing)
 .debug_str     0x0007ecaa      0x205 ./Drivers/STM32G0xx_HAL_Driver/Src/stm32g0xx_hal_pwr.o
                              0x7dabc (size before relaxing)
 .debug_str     0x0007eeaf      0x198 ./Drivers/STM32G0xx_HAL_Driver/Src/stm32g0xx_hal_pwr_ex.o
                              0x7db1b (size before relaxing)
 .debug_str     0x0007f047      0x357 ./Drivers/STM32G0xx_HAL_Driver/Src/stm32g0xx_hal_rcc.o
                              0x7deb8 (size before relaxing)
 .debug_str     0x0007f39e      0xded ./Drivers/STM32G0xx_HAL_Driver/Src/stm32g0xx_hal_tim.o
                              0x7edf9 (size before relaxing)
 .debug_str     0x0008018b      0x4f1 ./Drivers/STM32G0xx_HAL_Driver/Src/stm32g0xx_hal_tim_ex.o
                              0x7e797 (size before relaxing)
 .debug_str     0x0008067c      0x170 c:/program files (x86)/arm gnu toolchain arm-none-eabi/12.2 mpacbti-bet1/bin/../lib/gcc/arm-none-eabi/12.2.0/thumb/v6-m/nofp\libc_nano.a(libc_a-memset.o)
                                0x20c (size before relaxing)
 .debug_str     0x000807ec       0xc5 c:/program files (x86)/arm gnu toolchain arm-none-eabi/12.2 mpacbti-bet1/bin/../lib/gcc/arm-none-eabi/12.2.0/thumb/v6-m/nofp\libc_nano.a(libc_a-init.o)
                                0x26d (size before relaxing)
 .debug_str     0x000808b1       0xf4 c:/program files (x86)/arm gnu toolchain arm-none-eabi/12.2 mpacbti-bet1/bin/../lib/gcc/arm-none-eabi/12.2.0/thumb/v6-m/nofp\libgcc.a(_udivsi3.o)
                                0x103 (size before relaxing)
 .debug_str     0x000809a5       0x1c c:/program files (x86)/arm gnu toolchain arm-none-eabi/12.2 mpacbti-bet1/bin/../lib/gcc/arm-none-eabi/12.2.0/thumb/v6-m/nofp\libgcc.a(_dvmd_tls.o)
                                0x104 (size before relaxing)

.debug_frame    0x00000000     0x25a0
 .debug_frame   0x00000000       0x70 ./Core/Src/lcd_if.o
 .debug_frame   0x00000070       0xac ./Core/Src/main.o
 .debug_frame   0x0000011c       0x90 ./Core/Src/stm32g0xx_hal_msp.o
 .debug_frame   0x000001ac       0xd8 ./Core/Src/stm32g0xx_it.o
 .debug_frame   0x00000284       0x4c ./Core/Src/system_stm32g0xx.o
 .debug_frame   0x000002d0      0x360 ./Drivers/STM32G0xx_HAL_Driver/Src/stm32g0xx_hal.o
 .debug_frame   0x00000630      0x2fc ./Drivers/STM32G0xx_HAL_Driver/Src/stm32g0xx_hal_cortex.o
 .debug_frame   0x0000092c      0x130 ./Drivers/STM32G0xx_HAL_Driver/Src/stm32g0xx_hal_gpio.o
 .debug_frame   0x00000a5c      0x170 ./Drivers/STM32G0xx_HAL_Driver/Src/stm32g0xx_hal_pwr.o
 .debug_frame   0x00000bcc      0x1f4 ./Drivers/STM32G0xx_HAL_Driver/Src/stm32g0xx_hal_pwr_ex.o
 .debug_frame   0x00000dc0      0x214 ./Drivers/STM32G0xx_HAL_Driver/Src/stm32g0xx_hal_rcc.o
 .debug_frame   0x00000fd4      0xf40 ./Drivers/STM32G0xx_HAL_Driver/Src/stm32g0xx_hal_tim.o
 .debug_frame   0x00001f14      0x620 ./Drivers/STM32G0xx_HAL_Driver/Src/stm32g0xx_hal_tim_ex.o
 .debug_frame   0x00002534       0x20 c:/program files (x86)/arm gnu toolchain arm-none-eabi/12.2 mpacbti-bet1/bin/../lib/gcc/arm-none-eabi/12.2.0/thumb/v6-m/nofp\libc_nano.a(libc_a-memset.o)
 .debug_frame   0x00002554       0x2c c:/program files (x86)/arm gnu toolchain arm-none-eabi/12.2 mpacbti-bet1/bin/../lib/gcc/arm-none-eabi/12.2.0/thumb/v6-m/nofp\libc_nano.a(libc_a-init.o)
 .debug_frame   0x00002580       0x20 c:/program files (x86)/arm gnu toolchain arm-none-eabi/12.2 mpacbti-bet1/bin/../lib/gcc/arm-none-eabi/12.2.0/thumb/v6-m/nofp\libgcc.a(_udivsi3.o)

.debug_line_str
                0x00000000      0x13f
 .debug_line_str
                0x00000000       0x66 ./Core/Startup/startup_stm32g030c8tx.o
 .debug_line_str
                0x00000066       0xd9 c:/program files (x86)/arm gnu toolchain arm-none-eabi/12.2 mpacbti-bet1/bin/../lib/gcc/arm-none-eabi/12.2.0/thumb/v6-m/nofp\libgcc.a(_udivsi3.o)
 .debug_line_str
                0x0000013f       0xd9 c:/program files (x86)/arm gnu toolchain arm-none-eabi/12.2 mpacbti-bet1/bin/../lib/gcc/arm-none-eabi/12.2.0/thumb/v6-m/nofp\libgcc.a(_dvmd_tls.o)

.debug_loclists
                0x00000000       0xb0
 .debug_loclists
                0x00000000       0x6e c:/program files (x86)/arm gnu toolchain arm-none-eabi/12.2 mpacbti-bet1/bin/../lib/gcc/arm-none-eabi/12.2.0/thumb/v6-m/nofp\libc_nano.a(libc_a-memset.o)
 .debug_loclists
                0x0000006e       0x42 c:/program files (x86)/arm gnu toolchain arm-none-eabi/12.2 mpacbti-bet1/bin/../lib/gcc/arm-none-eabi/12.2.0/thumb/v6-m/nofp\libc_nano.a(libc_a-init.o)
